{
  "orgName": "Macker...",
  "text": "",
  "event": "alert",
  "imageUrl": "https://mackerel.io/embed/public/.../....png",
  "memo": "memo....",
  "host": {
    "id": "22D4...",
    "name": "app01",
    "url": "https://mackerel.io/orgs/.../hosts/...",
    "type": "unknown",
    "status": "working",
    "memo": "",
    "isRetired": false,
    "roles": [
      {
        "fullname": "Service: Role",
        "serviceName": "Service",
        "serviceUrl": "https://mackerel.io/orgs/.../services/...",
        "roleName": "Role",
        "roleUrl": "https://mackerel.io/orgs/.../services/..."
      }
    ]
  },
  "alert": {
    "openedAt": 1473129912,
    "closedAt": 1473130092,
    "createdAt": 1473129912693,
    "criticalThreshold": 1.9588528112516932,
    "duration": 5,
    "isOpen": true,
    "metricLabel": "MetricName",
    "metricValue": 2.255356387321597,
    "monitorName": "MonitorName",
    "monitorOperator": "\u003e",
    "status": "critical",
    "trigger": "monitor",
    "id": "2bj...",
    "url": "https://mackerel.io/orgs/.../alerts/2bj...",
    "warningThreshold": 1.4665636369580741
  }
}