Usage: prepalert <command> [flags]

A webhook server for prepare alert memo

Flags:
  -h, --help                       Show context-sensitive help.
      --log-level="info"           output log-level ($PREPALERT_LOG_LEVEL)
      --mackerel-apikey=STRING     for access mackerel API ($MACKEREL_APIKEY)
      --error-handling=continue    error handling ($PREPALERT_ERROR_HANDLING)
      --config="."                 config path ($PREPALERT_CONFIG)

Commands:
  run [flags]
    run server (default command)

  init [flags]
    create initial config

  validate [flags]
    validate the configuration

  exec <alert-id> [flags]
    Generate a virtual webhook from past alert to execute the rule

  version [flags]
    Show version

Run "prepalert <command> --help" for more information on a command.
