{
  "title": "prepalert alert_id=2bj... rule=alb_target_5xx",
  "description": "related alert: https://mackerel.io/orgs/.../alerts/2bj...\n\nthis is access_logs:\n+------+----------+---------+\n| NAME |   SIGN   | REASON  |\n+------+----------+---------+\n| A    | The Good | The Bad |\n| B    | The Ugly |         |\n+------+----------+---------+\n\n",
  "from": 1473129912,
  "to": 1473130212,
  "service": "prod"
}