{
  "Bucket": "prepalert-information",
  "Key": "alerts/2016/09/06/11/2bj..._simple.txt",
  "ACL": "",
  "Body": {},
  "BucketKeyEnabled": false,
  "CacheControl": null,
  "ChecksumAlgorithm": "",
  "ChecksumCRC32": null,
  "ChecksumCRC32C": null,
  "ChecksumSHA1": null,
  "ChecksumSHA256": null,
  "ContentDisposition": null,
  "ContentEncoding": null,
  "ContentLanguage": null,
  "ContentLength": 0,
  "ContentMD5": null,
  "ContentType": null,
  "ExpectedBucketOwner": null,
  "Expires": null,
  "GrantFullControl": null,
  "GrantRead": null,
  "GrantReadACP": null,
  "GrantWriteACP": null,
  "Metadata": null,
  "ObjectLockLegalHoldStatus": "",
  "ObjectLockMode": "",
  "ObjectLockRetainUntilDate": null,
  "RequestPayer": "",
  "SSECustomerAlgorithm": null,
  "SSECustomerKey": null,
  "SSECustomerKeyMD5": null,
  "SSEKMSEncryptionContext": null,
  "SSEKMSKeyId": null,
  "ServerSideEncryption": "",
  "StorageClass": "",
  "Tagging": null,
  "WebsiteRedirectLocation": null
}